??Next.js 16.1.6 (Turbopack)
- Environments: .env.local

  Creating an optimized production build ...
??Compiled successfully in 2.0s
  Running TypeScript ...
  Collecting page data using 15 workers ...
node.exe : 殊?Invalid segment configuration export detected. This can cause unexpected behavior from the configs not being applied. You should see the relevant failures in the logs above. Please 
fix them to continue.
위치 줄:1 문자:1
+ & "C:\Program Files\nodejs/node.exe" "C:\Program Files\nodejs/node_mo ...
+ ~~~~~~~~~~~~~~~~~~~~~~~~~~~~~~~~~~~~~~~~~~~~~~~~~~~~~~~~~~~~~~~~~~~~~
    + CategoryInfo          : NotSpecified: (殊?Invalid segme...em to continue.:String) [], RemoteException
    + FullyQualifiedErrorId : NativeCommandError
 
